wrote /Users/kirillboyko/Downloads/blockwave-kickoff/CHECKPOINTS/screenshots-uibatch/craft_tab_1x.png (832x456)
wrote /Users/kirillboyko/Downloads/blockwave-kickoff/CHECKPOINTS/screenshots-uibatch/craft_tab_2x.png (1664x912)
wrote /Users/kirillboyko/Downloads/blockwave-kickoff/CHECKPOINTS/screenshots-uibatch/craft_tab_150pct.png (1248x684)
wrote /Users/kirillboyko/Downloads/blockwave-kickoff/CHECKPOINTS/screenshots-uibatch/topbar_scale_150pct.png (1248x60)
wrote /Users/kirillboyko/Downloads/blockwave-kickoff/CHECKPOINTS/screenshots-uibatch/topbar_scale_100pct_1x.png (352x40)
wrote /Users/kirillboyko/Downloads/blockwave-kickoff/CHECKPOINTS/screenshots-uibatch/topbar_scale_slider_175pct.png (616x70)
wrote /Users/kirillboyko/Downloads/blockwave-kickoff/CHECKPOINTS/screenshots-uibatch/craft_grid_materials_1x.png (832x456)
wrote /Users/kirillboyko/Downloads/blockwave-kickoff/CHECKPOINTS/screenshots-uibatch/craft_bench_detail_1x.png (832x392)
wrote /Users/kirillboyko/Downloads/blockwave-kickoff/CHECKPOINTS/screenshots-uibatch/craft_weights_1x.png (832x456)
wrote /Users/kirillboyko/Downloads/blockwave-kickoff/CHECKPOINTS/screenshots-uibatch/craft_weights_bench_1x.png (232x232)
wrote /Users/kirillboyko/Downloads/blockwave-kickoff/CHECKPOINTS/screenshots-uibatch/craft_weight_readout_1x.png (832x456)
wrote /Users/kirillboyko/Downloads/blockwave-kickoff/CHECKPOINTS/screenshots-uibatch/craft_weight_readout_bench_1x.png (232x232)
wrote /Users/kirillboyko/Downloads/blockwave-kickoff/CHECKPOINTS/screenshots-uibatch/craft_mix_rest_bench_1x.png (232x232)
wrote /Users/kirillboyko/Downloads/blockwave-kickoff/CHECKPOINTS/screenshots-uibatch/craft_mix_hover_bench_1x.png (232x232)
wrote /Users/kirillboyko/Downloads/blockwave-kickoff/CHECKPOINTS/screenshots-uibatch/craft_mix_open_bench_1x.png (232x232)
wrote /Users/kirillboyko/Downloads/blockwave-kickoff/CHECKPOINTS/screenshots-uibatch/craft_mix_open_1x.png (832x456)
wrote craft_mix_states_4x.png (1328x288)
wrote /Users/kirillboyko/Downloads/blockwave-kickoff/CHECKPOINTS/screenshots-uibatch/craft_discovery_toast_1x.png (832x456)
wrote /Users/kirillboyko/Downloads/blockwave-kickoff/CHECKPOINTS/screenshots-uibatch/craft_toast_detail_1x.png (432x72)
wrote /Users/kirillboyko/Downloads/blockwave-kickoff/CHECKPOINTS/screenshots-uibatch/craft_discoveries_1x.png (832x456)
wrote /Users/kirillboyko/Downloads/blockwave-kickoff/CHECKPOINTS/screenshots-uibatch/craft_discoveries_patterns_1x.png (280x168)
wrote /Users/kirillboyko/Downloads/blockwave-kickoff/CHECKPOINTS/screenshots-uibatch/tweak_tab_1x.png (832x456)
wrote /Users/kirillboyko/Downloads/blockwave-kickoff/CHECKPOINTS/screenshots-uibatch/tweak_fx_lp_1x.png (832x96)
wrote /Users/kirillboyko/Downloads/blockwave-kickoff/CHECKPOINTS/screenshots-uibatch/tweak_fx_lp_set_1x.png (832x96)
wrote /Users/kirillboyko/Downloads/blockwave-kickoff/CHECKPOINTS/screenshots-uibatch/tweak_tab_2x.png (1664x912)
wrote /Users/kirillboyko/Downloads/blockwave-kickoff/CHECKPOINTS/screenshots-uibatch/topbar_raw_off_1x.png (832x40)
wrote /Users/kirillboyko/Downloads/blockwave-kickoff/CHECKPOINTS/screenshots-uibatch/topbar_raw_on_1x.png (832x40)
wrote /Users/kirillboyko/Downloads/blockwave-kickoff/CHECKPOINTS/screenshots-uibatch/preset_browser_1x.png (832x456)
wrote /Users/kirillboyko/Downloads/blockwave-kickoff/CHECKPOINTS/screenshots-uibatch/preset_browser_folder_pad_1x.png (832x456)
wrote /Users/kirillboyko/Downloads/blockwave-kickoff/CHECKPOINTS/screenshots-uibatch/preset_browser_icons_1x.png (640x240)
wrote /Users/kirillboyko/Downloads/blockwave-kickoff/CHECKPOINTS/screenshots-uibatch/preset_browser_search_1x.png (832x456)
wrote /Users/kirillboyko/Downloads/blockwave-kickoff/CHECKPOINTS/screenshots-uibatch/preset_browser_search_field_1x.png (640x48)
wrote preset_browser_search_field_2x.png
  search "ST" -> 19 hits
wrote /Users/kirillboyko/Downloads/blockwave-kickoff/CHECKPOINTS/screenshots-uibatch/preset_browser_search_empty_1x.png (832x456)
wrote /Users/kirillboyko/Downloads/blockwave-kickoff/CHECKPOINTS/screenshots-uibatch/preset_browser_favorites_empty_1x.png (832x456)
wrote /Users/kirillboyko/Downloads/blockwave-kickoff/CHECKPOINTS/screenshots-uibatch/preset_browser_favorites_1x.png (832x456)
wrote /Users/kirillboyko/Downloads/blockwave-kickoff/CHECKPOINTS/screenshots-uibatch/preset_browser_stars_1x.png (640x200)
wrote /Users/kirillboyko/Downloads/blockwave-kickoff/CHECKPOINTS/screenshots-uibatch/topbar_favorite_1x.png (832x40)
wrote craft_mini_icons_1x.png
wrote /Users/kirillboyko/Downloads/blockwave-kickoff/CHECKPOINTS/screenshots-uibatch/save_panel_1x.png (832x456)
all screenshots written
